// Jest Snapshot v1, https://goo.gl/fbAQLP

exports[`SearchComponent should match with snapshot 1`] = `
<div
  id="root1"
>
  <div
    class="container"
  >
    <div
      class="text-center"
    >
      <img
        class="w-50"
        src="/assets/imgs/title.png"
      />
    </div>
    <div
      class="row pt-4"
    >
      <div
        class="col-12 col-md-2 p-0 mb-3"
      >
        <div
          aria-label="Button group with nested dropdown"
          class="btn-group dropdown"
          ngbdropdown=""
          role="group"
        >
          <button
            aria-expanded="false"
            class="dropdown-toggle btn btn-primary"
            ngbdropdowntoggle=""
          >
             Character 
            <fa-icon
              class="ng-fa-icon ml-2"
            >
              <svg
                aria-hidden="true"
                class="svg-inline--fa fa-chevron-down"
                data-icon="chevron-down"
                data-prefix="fas"
                focusable="false"
                role="img"
                viewBox="0 0 448 512"
                xmlns="http://www.w3.org/2000/svg"
              >
                <path
                  d="M224 416c-8.188 0-16.38-3.125-22.62-9.375l-192-192c-12.5-12.5-12.5-32.75 0-45.25s32.75-12.5 45.25 0L224 338.8l169.4-169.4c12.5-12.5 32.75-12.5 45.25 0s12.5 32.75 0 45.25l-192 192C240.4 412.9 232.2 416 224 416z"
                  fill="currentColor"
                />
              </svg>
            </fa-icon>
          </button>
          <div
            class="dropdown-menu"
            ngbdropdownmenu=""
            x-placement="bottom"
          >
            <button
              class="dropdown-item"
              ngbdropdownitem=""
            >
               Character 
            </button>
            <button
              class="dropdown-item"
              ngbdropdownitem=""
            >
               Location 
            </button>
            <button
              class="dropdown-item"
              ngbdropdownitem=""
            >
               Episode 
            </button>
            
          </div>
        </div>
      </div>
      <div
        class="col-12 col-md-10 p-0"
      >
        <app-search-field>
          <form
            class="row px-2 mb-4 ng-untouched ng-pristine ng-valid"
            novalidate=""
          >
            <div
              class="form-group col-12 col-md-3"
            >
              <input
                class="form-control ng-untouched ng-pristine ng-valid"
                formcontrolname="name"
                id="name"
                placeholder="Name"
                type="text"
              />
            </div>
            <div
              class="form-group col-12 col-md-3"
            >
              <select
                class="form-control rounded-0 ng-untouched ng-pristine ng-valid"
                formcontrolname="status"
              >
                <option
                  ngvalue=""
                  value="0: "
                >
                  Any status
                </option>
                <option
                  value="1: alive"
                >
                   Alive 
                </option>
                <option
                  value="2: dead "
                >
                   Dead  
                </option>
                <option
                  value="3: unknown"
                >
                   Unknown 
                </option>
                
              </select>
            </div>
            <div
              class="form-group col-12 col-md-3"
            >
              <input
                class="form-control ng-untouched ng-pristine ng-valid"
                formcontrolname="species"
                id="species"
                placeholder="Species"
                type="text"
              />
            </div>
            <div
              class="form-group col-12 col-md-3"
            >
              <input
                class="form-control ng-untouched ng-pristine ng-valid"
                formcontrolname="type"
                id="type"
                placeholder="Type"
                type="text"
              />
            </div>
            <div
              class="form-group col-12 col-md-3"
              hidden=""
            >
              <input
                class="form-control ng-untouched ng-pristine ng-valid"
                formcontrolname="dimension"
                id="dimension"
                placeholder="Dimension"
                type="text"
              />
            </div>
            <div
              class="form-group col-12 col-md-3"
              hidden=""
            >
              <input
                class="form-control ng-untouched ng-pristine ng-valid"
                formcontrolname="episode"
                id="episode"
                placeholder="Episode"
                type="text"
              />
            </div>
            <div
              class="form-group col-12 col-md-3"
            >
              <select
                class="form-control rounded-0 ng-untouched ng-pristine ng-valid"
                formcontrolname="gender"
              >
                <option
                  ngvalue=""
                  value="0: "
                >
                  Any gender
                </option>
                <option
                  value="1: female"
                >
                   Female 
                </option>
                <option
                  value="2: male"
                >
                   Male 
                </option>
                <option
                  value="3: genderless"
                >
                   Genderless 
                </option>
                <option
                  value="4: unknown"
                >
                   Unknown 
                </option>
                
              </select>
            </div>
            <div
              class="form-group"
            >
              <button
                class="btn btn-primary"
                type="submit"
              >
                <fa-icon
                  class="ng-fa-icon"
                >
                  <svg
                    aria-hidden="true"
                    class="svg-inline--fa fa-magnifying-glass"
                    data-icon="magnifying-glass"
                    data-prefix="fas"
                    focusable="false"
                    role="img"
                    viewBox="0 0 512 512"
                    xmlns="http://www.w3.org/2000/svg"
                  >
                    <path
                      d="M500.3 443.7l-119.7-119.7c27.22-40.41 40.65-90.9 33.46-144.7C401.8 87.79 326.8 13.32 235.2 1.723C99.01-15.51-15.51 99.01 1.724 235.2c11.6 91.64 86.08 166.7 177.6 178.9c53.8 7.189 104.3-6.236 144.7-33.46l119.7 119.7c15.62 15.62 40.95 15.62 56.57 0C515.9 484.7 515.9 459.3 500.3 443.7zM79.1 208c0-70.58 57.42-128 128-128s128 57.42 128 128c0 70.58-57.42 128-128 128S79.1 278.6 79.1 208z"
                      fill="currentColor"
                    />
                  </svg>
                </fa-icon>
              </button>
            </div>
          </form>
        </app-search-field>
      </div>
    </div>
    
    <app-view-character>
      <button
        class="btn btn-primary mb-4"
        disabled=""
        type="button"
      >
         Compare selected

      </button>
      <div
        class="row"
      >
        
      </div>
    </app-view-character>
    
    
    
    <div
      class="row m-auto"
    >
      <div
        class="col-12"
      >
        
      </div>
    </div>
  </div>
</div>
`;
